// Jest Snapshot v1, https://goo.gl/fbAQLP

exports[`<EmptyLayout /> should match snapshot 1`] = `
<div>
  <main
    class="sc-AxjAm eIoqnP"
  >
    <span>
      Test
    </span>
  </main>
</div>
`;
